
> conversion-system@0.1.0 build
> next build

Ôû▓ Next.js 16.1.1 (Turbopack)
- Environments: .env.local

  Creating an optimized production build ...
Ô£ô Compiled successfully in 2.4s
  Running TypeScript ...
  Collecting page data using 15 workers ...
  Generating static pages using 15 workers (0/22) ...
node.exe : The width(-1) and 
height(-1) of chart should be
 greater than 0,
At line:1 char:1
+ & "C:\Program Files\nodejs/
node.exe" "C:\Program Files\n
odejs/node_mo ...
+ ~~~~~~~~~~~~~~~~~~~~~~~~~~~
~~~~~~~~~~~~~~~~~~~~~~~~~~~~~
~~~~~~~~~~~~~
    + CategoryInfo           
   : NotSpecified: (The wid  
  th(-1) a...greater than    
 0,:String) [], RemoteExc    
eption
    + FullyQualifiedErrorId  
   : NativeCommandError
 
       please check the style
 of container, or the props w
idth(100%) and height(100%),
       or add a minWidth(0) o
r minHeight(undefined) or use
 aspect(undefined) to control
 the
       height and width.
  Generating static pages using 15 workers (5/22) 
  Generating static pages using 15 workers (10/22) 
  Generating static pages using 15 workers (16/22) 
Ô£ô Generating static pages using 15 workers (22/22) in 555.1ms
  Finalizing page optimization ...

Route (app)
Ôöî Ôùï /
Ôö£ Ôùï /_not-found
Ôö£ Ôùï /analytics
Ôö£ ãÆ /api/pixel
Ôö£ ãÆ /api/popups/[userId]
Ôö£ ãÆ /api/track
Ôö£ Ôùï /checkout
Ôö£ Ôùï /cookies
Ôö£ Ôùï /dashboard
Ôö£ Ôùï /demo
Ôö£ Ôùï /docs
Ôö£ Ôùï /embed-test
Ôö£ Ôùï /kvkk
Ôö£ Ôùï /login
Ôö£ Ôùï /pricing
Ôö£ Ôùï /pricing/offer
Ôö£ Ôùï /privacy
Ôö£ Ôùï /register
Ôö£ Ôùï /settings
Ôö£ Ôùï /supabase-test
Ôöö Ôùï /terms


Ôùï  (Static)   prerendered as static content
ãÆ  (Dynamic)  server-rendered on demand

[96m[1mÔÇï[22m[39m
[96m[1mNetlify Build                                                 [22m[39m
[96m[1mÔöÇÔöÇÔöÇÔöÇÔöÇÔöÇÔöÇÔöÇÔöÇÔöÇÔöÇÔöÇÔöÇÔöÇÔöÇÔöÇÔöÇÔöÇÔöÇÔöÇÔöÇÔöÇÔöÇÔöÇÔöÇÔöÇÔöÇÔöÇÔöÇÔöÇÔöÇÔöÇÔöÇÔöÇÔöÇÔöÇÔöÇÔöÇÔöÇÔöÇÔöÇÔöÇÔöÇÔöÇÔöÇÔöÇÔöÇÔöÇÔöÇÔöÇÔöÇÔöÇÔöÇÔöÇÔöÇÔöÇÔöÇÔöÇÔöÇÔöÇÔöÇÔöÇÔöÇÔöÇ[22m[39m
[36m[1mÔÇï[22m[39m
[36m[1mÔØ» Version[22m[39m
  @netlify/build 35.5.2
[36m[1mÔÇï[22m[39m
[36m[1mÔØ» Flags[22m[39m
  accountId: 694b7807ba8931b4e808373d
  deployId: 69550f506a6622f0f5fd32df
[36m[1mÔÇï[22m[39m
[36m[1mÔØ» Current directory[22m[39m
  C:\Users\Ya─ş─▒z\.gemini\antigravity\scratch\conversion-system
[36m[1mÔÇï[22m[39m
[36m[1mÔØ» Config file[22m[39m
  C:\Users\Ya─ş─▒z\.gemini\antigravity\scratch\conversion-system\netlify.toml
[36m[1mÔÇï[22m[39m
[36m[1mÔØ» Context[22m[39m
  production
[36m[1mÔÇï[22m[39m
[36m[1mÔØ» Installing extensions[22m[39m
   - neon
[36m[1mÔÇï[22m[39m
[36m[1mÔØ» Using Next.js Runtime - v5.15.3[22m[39m
[36m[1mÔÇï[22m[39m
[36m[1mÔØ» Loading extensions[22m[39m
   - neon
[96m[1mÔÇï[22m[39m
[96m[1mbuild.command from netlify.toml                               [22m[39m
[96m[1mÔöÇÔöÇÔöÇÔöÇÔöÇÔöÇÔöÇÔöÇÔöÇÔöÇÔöÇÔöÇÔöÇÔöÇÔöÇÔöÇÔöÇÔöÇÔöÇÔöÇÔöÇÔöÇÔöÇÔöÇÔöÇÔöÇÔöÇÔöÇÔöÇÔöÇÔöÇÔöÇÔöÇÔöÇÔöÇÔöÇÔöÇÔöÇÔöÇÔöÇÔöÇÔöÇÔöÇÔöÇÔöÇÔöÇÔöÇÔöÇÔöÇÔöÇÔöÇÔöÇÔöÇÔöÇÔöÇÔöÇÔöÇÔöÇÔöÇÔöÇÔöÇÔöÇÔöÇÔöÇ[22m[39m
ÔÇï
[36m$ npm run build[39m

> conversion-system@0.1.0 build
> next build

Ôû▓ Next.js 16.1.1 (Turbopack)
- Environments: .env.local

  Creating an optimized production build ...
Ô£ô Compiled successfully in 4.0s
  Running TypeScript ...
  Collecting page data using 15 workers ...
  Generating static pages using 15 workers (0/22) ...
node.exe : The width(-1) and 
height(-1) of chart should be
 greater than 0,
At C:\Users\Yağız\AppData\Roa
ming\npm\netlify.ps1:24 char:
5
+     & "node$exe"  "$basedir
/node_modules/netlify-cli/bin
/run.js" $arg ...
+     ~~~~~~~~~~~~~~~~~~~~~~~
~~~~~~~~~~~~~~~~~~~~~~~~~~~~~
~~~~~~~~~~~~~
    + CategoryInfo           
   : NotSpecified: (The wid  
  th(-1) a...greater than    
 0,:String) [], RemoteExc    
eption
    + FullyQualifiedErrorId  
   : NativeCommandError
 
       please check the style
 of container, or the props w
idth(100%) and height(100%),
       or add a minWidth(0) o
r minHeight(undefined) or use
 aspect(undefined) to control
 the
       height and width.
  Generating static pages using 15 workers (5/22) 
  Generating static pages using 15 workers (10/22) 
  Generating static pages using 15 workers (16/22) 
Ô£ô Generating static pages using 15 workers (22/22) in 546.0ms
  Finalizing page optimization ...

Route (app)
Ôöî Ôùï /
Ôö£ Ôùï /_not-found
Ôö£ Ôùï /analytics
Ôö£ ãÆ /api/pixel
Ôö£ ãÆ /api/popups/[userId]
Ôö£ ãÆ /api/track
Ôö£ Ôùï /checkout
Ôö£ Ôùï /cookies
Ôö£ Ôùï /dashboard
Ôö£ Ôùï /demo
Ôö£ Ôùï /docs
Ôö£ Ôùï /embed-test
Ôö£ Ôùï /kvkk
Ôö£ Ôùï /login
Ôö£ Ôùï /pricing
Ôö£ Ôùï /pricing/offer
Ôö£ Ôùï /privacy
Ôö£ Ôùï /register
Ôö£ Ôùï /settings
Ôö£ Ôùï /supabase-test
Ôöö Ôùï /terms


Ôùï  (Static)   prerendered as static content
ãÆ  (Dynamic)  server-rendered on demand

ÔÇï
[90m(build.command completed in 11.1s)[39m
[96m[1mÔÇï[22m[39m
[96m[1mFunctions bundling                                            [22m[39m
[96m[1mÔöÇÔöÇÔöÇÔöÇÔöÇÔöÇÔöÇÔöÇÔöÇÔöÇÔöÇÔöÇÔöÇÔöÇÔöÇÔöÇÔöÇÔöÇÔöÇÔöÇÔöÇÔöÇÔöÇÔöÇÔöÇÔöÇÔöÇÔöÇÔöÇÔöÇÔöÇÔöÇÔöÇÔöÇÔöÇÔöÇÔöÇÔöÇÔöÇÔöÇÔöÇÔöÇÔöÇÔöÇÔöÇÔöÇÔöÇÔöÇÔöÇÔöÇÔöÇÔöÇÔöÇÔöÇÔöÇÔöÇÔöÇÔöÇÔöÇÔöÇÔöÇÔöÇÔöÇÔöÇ[22m[39m
ÔÇï
Packaging Functions from [36m.netlify\functions-internal[39m directory:
 - ___netlify-server-handler\___netlify-server-handler.mjs
ÔÇï
ÔÇï
[90m(Functions bundling completed in 955ms)[39m
[91m[1mÔÇï[22m[39m
[91m[1mPlugin "@netlify/plugin-nextjs" failed                        [22m[39m
[91m[1mÔöÇÔöÇÔöÇÔöÇÔöÇÔöÇÔöÇÔöÇÔöÇÔöÇÔöÇÔöÇÔöÇÔöÇÔöÇÔöÇÔöÇÔöÇÔöÇÔöÇÔöÇÔöÇÔöÇÔöÇÔöÇÔöÇÔöÇÔöÇÔöÇÔöÇÔöÇÔöÇÔöÇÔöÇÔöÇÔöÇÔöÇÔöÇÔöÇÔöÇÔöÇÔöÇÔöÇÔöÇÔöÇÔöÇÔöÇÔöÇÔöÇÔöÇÔöÇÔöÇÔöÇÔöÇÔöÇÔöÇÔöÇÔöÇÔöÇÔöÇÔöÇÔöÇÔöÇÔöÇ[22m[39m
ÔÇï
  [31m[1mError message[22m[39m
  Error: Failed publishing static content
ÔÇï
  [31m[1mPlugin details[22m[39m
  Package:        @netlify/plugin-nextjs
  Version:        5.15.3
  Repository:     git+https://github.com/opennextjs/opennextjs-netlify.git
  npm link:       https://www.npmjs.com/package/@netlify/plugin-nextjs
  Report issues:  https://github.com/opennextjs/opennextjs-netlify/issues
ÔÇï
  [31m[1mError location[22m[39m
  In "onPostBuild" event in "@netlify/plugin-nextjs" from netlify.toml
ÔÇï
  [31m[1mResolved config[22m[39m
  build:
    command: npm run build
    commandOrigin: config
    environment:
      - NODE_VERSION
    publish: C:\Users\Ya─ş─▒z\.gemini\antigravity\scratch\conversion-system\.next
    publishOrigin: config
  headers:
    - for: /_next/static/*
      values:
        Cache-Control: public, max-age=31536000, immutable
  headersOrigin: inline
  plugins:
    - inputs: {}
      origin: config
      package: "@netlify/plugin-nextjs"
  redirects:
    - from: /_next/image
      query:
        q: :quality
        url: :url
        w: :width
      status: 200
      to: /.netlify/images?url=:url&w=:width&q=:quality
    - from: /_ipx/*
      query:
        q: :quality
        url: :url
        w: :width
      status: 200
      to: /.netlify/images?url=:url&w=:width&q=:quality
  redirectsOrigin: inline
 ┬╗   Error: Error while runn
ing build
